[INFO] Removing existing SQLite database: /nfs/research/jlees/jacqueline/thesis_results/pangenomerge_benchmarking/context_search_iterations/iter_unlimited/pangenome_metadata.sqlite
[INFO] Beginning iteration 1 of 7...
[INFO] graph_file_1: /nfs/research/jlees/macalasdair/panaroo/neisseria_bf_data/cl1_panaroo/final_graph.gml
[INFO] graph_file_2: /nfs/research/jlees/macalasdair/panaroo/neisseria_bf_data/cl2_panaroo/final_graph.gml
[INFO] Creating MMSeqs2 database(s)...
[INFO] Running MMSeqs2...
[INFO] MMSeqs2 complete. Reading and filtering results...
[INFO] Hits filtered. Mapping between graphs...
[INFO] Updating graph metadata to prepare for merge...
[INFO] Beginning graph merge...
[INFO] Merging nodes...
[INFO] Merging edges...
[INFO] Collapsing spurious paralogs...
[INFO] Computing pairwise identities...
[INFO] Creating MMSeqs2 database...
[INFO] Running MMSeqs2...
[INFO] MMSeqs2 complete. Reading and filtering results...
[INFO] Merging nodes and edges...
[INFO] Frameshift pass: 1659 orphan nodes eligible.
[INFO] Frameshift pass: merging 22 pairs.
[INFO] Third merge iteration 1: merging 3 pairs.
[INFO] Third merge iteration 2: merging 2 pairs.
[INFO] Third merge iteration 3: no new mergeable pairs; stopping.
[INFO] Merge complete. Preparing attribute metadata for export...
[INFO] Writing new metadata to SQLite database...
[INFO] Writing merged graph to outdir...
[INFO] Iteration 1 of 7 complete.
[INFO] Beginning iteration 2 of 7...
[INFO] graph_file_1: /nfs/research/jlees/jacqueline/thesis_results/pangenomerge_benchmarking/context_search_iterations/iter_unlimited/intermediate_graphs/merged_graph_1.gml
[INFO] graph_file_2: /nfs/research/jlees/macalasdair/panaroo/neisseria_bf_data/cl3_panaroo/final_graph.gml
[INFO] Creating MMSeqs2 database(s)...
[INFO] Running MMSeqs2...
[INFO] MMSeqs2 complete. Reading and filtering results...
[INFO] Hits filtered. Mapping between graphs...
[INFO] Updating graph metadata to prepare for merge...
[INFO] Beginning graph merge...
[INFO] Merging nodes...
[INFO] Merging edges...
[INFO] Collapsing spurious paralogs...
[INFO] Computing pairwise identities...
[INFO] Creating MMSeqs2 database...
[INFO] Running MMSeqs2...
[INFO] MMSeqs2 complete. Reading and filtering results...
[INFO] Merging nodes and edges...
[INFO] Frameshift pass: 1880 orphan nodes eligible.
[INFO] Frameshift pass: merging 16 pairs.
[INFO] Third merge iteration 1: merging 4 pairs.
[INFO] Third merge iteration 2: no new mergeable pairs; stopping.
[INFO] Merge complete. Preparing attribute metadata for export...
[INFO] Writing new metadata to SQLite database...
[INFO] Writing merged graph to outdir...
[INFO] Iteration 2 of 7 complete.
[INFO] Beginning iteration 3 of 7...
[INFO] graph_file_1: /nfs/research/jlees/jacqueline/thesis_results/pangenomerge_benchmarking/context_search_iterations/iter_unlimited/intermediate_graphs/merged_graph_2.gml
[INFO] graph_file_2: /nfs/research/jlees/macalasdair/panaroo/neisseria_bf_data/cl4_panaroo/final_graph.gml
[INFO] Creating MMSeqs2 database(s)...
[INFO] Running MMSeqs2...
[INFO] MMSeqs2 complete. Reading and filtering results...
[INFO] Hits filtered. Mapping between graphs...
[INFO] Updating graph metadata to prepare for merge...
[INFO] Beginning graph merge...
[INFO] Merging nodes...
[INFO] Merging edges...
[INFO] Collapsing spurious paralogs...
[INFO] Computing pairwise identities...
[INFO] Creating MMSeqs2 database...
[INFO] Running MMSeqs2...
[INFO] MMSeqs2 complete. Reading and filtering results...
[INFO] Merging nodes and edges...
[INFO] Frameshift pass: 2100 orphan nodes eligible.
[INFO] Frameshift pass: merging 18 pairs.
[INFO] Third merge iteration 1: merging 5 pairs.
[INFO] Third merge iteration 2: merging 2 pairs.
[INFO] Third merge iteration 3: no new mergeable pairs; stopping.
[INFO] Merge complete. Preparing attribute metadata for export...
[INFO] Writing new metadata to SQLite database...
[INFO] Writing merged graph to outdir...
[INFO] Iteration 3 of 7 complete.
[INFO] Beginning iteration 4 of 7...
[INFO] graph_file_1: /nfs/research/jlees/jacqueline/thesis_results/pangenomerge_benchmarking/context_search_iterations/iter_unlimited/intermediate_graphs/merged_graph_3.gml
[INFO] graph_file_2: /nfs/research/jlees/macalasdair/panaroo/neisseria_bf_data/cl5_panaroo/final_graph.gml
[INFO] Creating MMSeqs2 database(s)...
[INFO] Running MMSeqs2...
[INFO] MMSeqs2 complete. Reading and filtering results...
[INFO] Hits filtered. Mapping between graphs...
[INFO] Updating graph metadata to prepare for merge...
[INFO] Beginning graph merge...
[INFO] Merging nodes...
[INFO] Merging edges...
[INFO] Collapsing spurious paralogs...
[INFO] Computing pairwise identities...
[INFO] Creating MMSeqs2 database...
[INFO] Running MMSeqs2...
[INFO] MMSeqs2 complete. Reading and filtering results...
[INFO] Merging nodes and edges...
[INFO] Frameshift pass: 2238 orphan nodes eligible.
[INFO] Frameshift pass: merging 25 pairs.
[INFO] Third merge iteration 1: merging 2 pairs.
[INFO] Third merge iteration 2: merging 2 pairs.
[INFO] Third merge iteration 3: merging 1 pairs.
[INFO] Third merge iteration 4: no new mergeable pairs; stopping.
[INFO] Merge complete. Preparing attribute metadata for export...
[INFO] Writing new metadata to SQLite database...
[INFO] Writing merged graph to outdir...
[INFO] Iteration 4 of 7 complete.
[INFO] Beginning iteration 5 of 7...
[INFO] graph_file_1: /nfs/research/jlees/jacqueline/thesis_results/pangenomerge_benchmarking/context_search_iterations/iter_unlimited/intermediate_graphs/merged_graph_4.gml
[INFO] graph_file_2: /nfs/research/jlees/macalasdair/panaroo/neisseria_bf_data/cl6_panaroo/final_graph.gml
[INFO] Creating MMSeqs2 database(s)...
[INFO] Running MMSeqs2...
[INFO] MMSeqs2 complete. Reading and filtering results...
[INFO] Hits filtered. Mapping between graphs...
[INFO] Updating graph metadata to prepare for merge...
[INFO] Beginning graph merge...
[INFO] Merging nodes...
[INFO] Merging edges...
[INFO] Collapsing spurious paralogs...
[INFO] Computing pairwise identities...
[INFO] Creating MMSeqs2 database...
[INFO] Running MMSeqs2...
[INFO] MMSeqs2 complete. Reading and filtering results...
[INFO] Merging nodes and edges...
[INFO] Frameshift pass: 2358 orphan nodes eligible.
[INFO] Frameshift pass: merging 21 pairs.
[INFO] Third merge iteration 1: merging 2 pairs.
[INFO] Third merge iteration 2: no new mergeable pairs; stopping.
[INFO] Merge complete. Preparing attribute metadata for export...
[INFO] Writing new metadata to SQLite database...
[INFO] Writing merged graph to outdir...
[INFO] Iteration 5 of 7 complete.
[INFO] Beginning iteration 6 of 7...
[INFO] graph_file_1: /nfs/research/jlees/jacqueline/thesis_results/pangenomerge_benchmarking/context_search_iterations/iter_unlimited/intermediate_graphs/merged_graph_5.gml
[INFO] graph_file_2: /nfs/research/jlees/macalasdair/panaroo/neisseria_bf_data/cl7_panaroo/final_graph.gml
[INFO] Creating MMSeqs2 database(s)...
[INFO] Running MMSeqs2...
[INFO] MMSeqs2 complete. Reading and filtering results...
[INFO] Hits filtered. Mapping between graphs...
[INFO] Updating graph metadata to prepare for merge...
[INFO] Beginning graph merge...
[INFO] Merging nodes...
[INFO] Merging edges...
[INFO] Collapsing spurious paralogs...
[INFO] Computing pairwise identities...
[INFO] Creating MMSeqs2 database...
[INFO] Running MMSeqs2...
[INFO] MMSeqs2 complete. Reading and filtering results...
[INFO] Merging nodes and edges...
[INFO] Frameshift pass: 2515 orphan nodes eligible.
[INFO] Frameshift pass: merging 13 pairs.
[INFO] Third merge iteration 1: merging 6 pairs.
[INFO] Third merge iteration 2: no new mergeable pairs; stopping.
[INFO] Merge complete. Preparing attribute metadata for export...
[INFO] Writing new metadata to SQLite database...
[INFO] Writing merged graph to outdir...
[INFO] Iteration 6 of 7 complete.
[INFO] Beginning iteration 7 of 7...
[INFO] graph_file_1: /nfs/research/jlees/jacqueline/thesis_results/pangenomerge_benchmarking/context_search_iterations/iter_unlimited/intermediate_graphs/merged_graph_6.gml
[INFO] graph_file_2: /nfs/research/jlees/macalasdair/panaroo/neisseria_bf_data/cl_minor_panaroo/final_graph.gml
[INFO] Creating MMSeqs2 database(s)...
[INFO] Running MMSeqs2...
[INFO] MMSeqs2 complete. Reading and filtering results...
[INFO] Hits filtered. Mapping between graphs...
[INFO] Updating graph metadata to prepare for merge...
[INFO] Beginning graph merge...
[INFO] Merging nodes...
[INFO] Merging edges...
[INFO] Collapsing spurious paralogs...
[INFO] Computing pairwise identities...
[INFO] Creating MMSeqs2 database...
[INFO] Running MMSeqs2...
[INFO] MMSeqs2 complete. Reading and filtering results...
[INFO] Merging nodes and edges...
[INFO] Frameshift pass: 2811 orphan nodes eligible.
[INFO] Frameshift pass: merging 25 pairs.
[INFO] Third merge iteration 1: merging 13 pairs.
[INFO] Third merge iteration 2: merging 5 pairs.
[INFO] Third merge iteration 3: merging 5 pairs.
[INFO] Third merge iteration 4: merging 1 pairs.
[INFO] Third merge iteration 5: merging 1 pairs.
[INFO] Third merge iteration 6: merging 1 pairs.
[INFO] Third merge iteration 7: no new mergeable pairs; stopping.
[INFO] Merge complete. Preparing attribute metadata for export...
[INFO] Writing new metadata to SQLite database...
[INFO] Writing merged graph to outdir...
[INFO] Iteration 7 of 7 complete.
[INFO] Moving final MMSeqs2 database and cleaning up...
[INFO] Finished successfully.
