[INFO] Removing existing SQLite database: /nfs/research/jlees/jacqueline/thesis_results/pangenomerge_benchmarking/context_search_iterations/iter_unlimited/pangenome_metadata.sqlite
[INFO] Beginning iteration 1 of 7...
[INFO] graph_file_1: /nfs/research/jlees/macalasdair/panaroo/neisseria_bf_data/cl1_panaroo/final_graph.gml
[INFO] graph_file_2: /nfs/research/jlees/macalasdair/panaroo/neisseria_bf_data/cl2_panaroo/final_graph.gml
[INFO] Creating MMSeqs2 database(s)...
[INFO] Running MMSeqs2...
[INFO] MMSeqs2 complete. Reading and filtering results...
[INFO] Hits filtered. Mapping between graphs...
[INFO] Updating graph metadata to prepare for merge...
[INFO] Beginning graph merge...
[INFO] Merging nodes...
[INFO] Merging edges...
[INFO] Collapsing spurious paralogs...
[INFO] Computing pairwise identities...
[INFO] Creating MMSeqs2 database...
[INFO] Running MMSeqs2...
[INFO] MMSeqs2 complete. Reading and filtering results...
[INFO] Merging nodes and edges...
[INFO] Outer 1 family iter 1: merging 791 pairs.
[INFO] Outer 1 family iter 2: merging 3 pairs.
[INFO] Outer 1 family iter 3: merging 2 pairs.
[INFO] Outer 1 family iter 4: no new mergeable pairs; stopping inner.
[INFO] Outer 1 frameshift: 1657 orphans, 1568 orphan-orphan hits.
[INFO] Outer 1 frameshift: merging 22 pairs.
[INFO] Outer 2 family iter 1: no new mergeable pairs; stopping inner.
[INFO] Outer 2 frameshift: 1635 orphans, 1544 orphan-orphan hits.
[INFO] Outer loop: fixed point reached after 2 iteration(s).
[INFO] Merge complete. Preparing attribute metadata for export...
[INFO] Writing new metadata to SQLite database...
[INFO] Writing merged graph to outdir...
[INFO] Iteration 1 of 7 complete.
[INFO] Beginning iteration 2 of 7...
[INFO] graph_file_1: /nfs/research/jlees/jacqueline/thesis_results/pangenomerge_benchmarking/context_search_iterations/iter_unlimited/intermediate_graphs/merged_graph_1.gml
[INFO] graph_file_2: /nfs/research/jlees/macalasdair/panaroo/neisseria_bf_data/cl3_panaroo/final_graph.gml
[INFO] Creating MMSeqs2 database(s)...
[INFO] Running MMSeqs2...
[INFO] MMSeqs2 complete. Reading and filtering results...
[INFO] Hits filtered. Mapping between graphs...
[INFO] Updating graph metadata to prepare for merge...
[INFO] Beginning graph merge...
[INFO] Merging nodes...
[INFO] Merging edges...
[INFO] Collapsing spurious paralogs...
[INFO] Computing pairwise identities...
[INFO] Creating MMSeqs2 database...
[INFO] Running MMSeqs2...
[INFO] MMSeqs2 complete. Reading and filtering results...
[INFO] Merging nodes and edges...
[INFO] Outer 1 family iter 1: merging 782 pairs.
[INFO] Outer 1 family iter 2: merging 2 pairs.
[INFO] Outer 1 family iter 3: no new mergeable pairs; stopping inner.
[INFO] Outer 1 frameshift: 1878 orphans, 61 orphan-orphan hits.
[INFO] Outer 1 frameshift: merging 16 pairs.
[INFO] Outer 2 family iter 1: merging 2 pairs.
[INFO] Outer 2 family iter 2: no new mergeable pairs; stopping inner.
[INFO] Outer 2 frameshift: 1858 orphans, 39 orphan-orphan hits.
[INFO] Outer loop: fixed point reached after 2 iteration(s).
[INFO] Merge complete. Preparing attribute metadata for export...
[INFO] Writing new metadata to SQLite database...
[INFO] Writing merged graph to outdir...
[INFO] Iteration 2 of 7 complete.
[INFO] Beginning iteration 3 of 7...
[INFO] graph_file_1: /nfs/research/jlees/jacqueline/thesis_results/pangenomerge_benchmarking/context_search_iterations/iter_unlimited/intermediate_graphs/merged_graph_2.gml
[INFO] graph_file_2: /nfs/research/jlees/macalasdair/panaroo/neisseria_bf_data/cl4_panaroo/final_graph.gml
[INFO] Creating MMSeqs2 database(s)...
[INFO] Running MMSeqs2...
[INFO] MMSeqs2 complete. Reading and filtering results...
[INFO] Hits filtered. Mapping between graphs...
[INFO] Updating graph metadata to prepare for merge...
[INFO] Beginning graph merge...
[INFO] Merging nodes...
[INFO] Merging edges...
[INFO] Collapsing spurious paralogs...
[INFO] Computing pairwise identities...
[INFO] Creating MMSeqs2 database...
[INFO] Running MMSeqs2...
[INFO] MMSeqs2 complete. Reading and filtering results...
[INFO] Merging nodes and edges...
[INFO] Outer 1 family iter 1: merging 875 pairs.
[INFO] Outer 1 family iter 2: merging 5 pairs.
[INFO] Outer 1 family iter 3: merging 2 pairs.
[INFO] Outer 1 family iter 4: no new mergeable pairs; stopping inner.
[INFO] Outer 1 frameshift: 2095 orphans, 67 orphan-orphan hits.
[INFO] Outer 1 frameshift: merging 18 pairs.
[INFO] Outer 2 family iter 1: no new mergeable pairs; stopping inner.
[INFO] Outer 2 frameshift: 2077 orphans, 46 orphan-orphan hits.
[INFO] Outer loop: fixed point reached after 2 iteration(s).
[INFO] Merge complete. Preparing attribute metadata for export...
[INFO] Writing new metadata to SQLite database...
[INFO] Writing merged graph to outdir...
[INFO] Iteration 3 of 7 complete.
[INFO] Beginning iteration 4 of 7...
[INFO] graph_file_1: /nfs/research/jlees/jacqueline/thesis_results/pangenomerge_benchmarking/context_search_iterations/iter_unlimited/intermediate_graphs/merged_graph_3.gml
[INFO] graph_file_2: /nfs/research/jlees/macalasdair/panaroo/neisseria_bf_data/cl5_panaroo/final_graph.gml
[INFO] Creating MMSeqs2 database(s)...
[INFO] Running MMSeqs2...
[INFO] MMSeqs2 complete. Reading and filtering results...
[INFO] Hits filtered. Mapping between graphs...
[INFO] Updating graph metadata to prepare for merge...
[INFO] Beginning graph merge...
[INFO] Merging nodes...
[INFO] Merging edges...
[INFO] Collapsing spurious paralogs...
[INFO] Computing pairwise identities...
[INFO] Creating MMSeqs2 database...
[INFO] Running MMSeqs2...
[INFO] MMSeqs2 complete. Reading and filtering results...
[INFO] Merging nodes and edges...
[INFO] Outer 1 family iter 1: merging 838 pairs.
[INFO] Outer 1 family iter 2: merging 2 pairs.
[INFO] Outer 1 family iter 3: merging 2 pairs.
[INFO] Outer 1 family iter 4: merging 1 pairs.
[INFO] Outer 1 family iter 5: no new mergeable pairs; stopping inner.
[INFO] Outer 1 frameshift: 2234 orphans, 79 orphan-orphan hits.
[INFO] Outer 1 frameshift: merging 25 pairs.
[INFO] Outer 2 family iter 1: no new mergeable pairs; stopping inner.
[INFO] Outer 2 frameshift: 2209 orphans, 52 orphan-orphan hits.
[INFO] Outer loop: fixed point reached after 2 iteration(s).
[INFO] Merge complete. Preparing attribute metadata for export...
[INFO] Writing new metadata to SQLite database...
[INFO] Writing merged graph to outdir...
[INFO] Iteration 4 of 7 complete.
[INFO] Beginning iteration 5 of 7...
[INFO] graph_file_1: /nfs/research/jlees/jacqueline/thesis_results/pangenomerge_benchmarking/context_search_iterations/iter_unlimited/intermediate_graphs/merged_graph_4.gml
[INFO] graph_file_2: /nfs/research/jlees/macalasdair/panaroo/neisseria_bf_data/cl6_panaroo/final_graph.gml
[INFO] Creating MMSeqs2 database(s)...
[INFO] Running MMSeqs2...
[INFO] MMSeqs2 complete. Reading and filtering results...
[INFO] Hits filtered. Mapping between graphs...
[INFO] Updating graph metadata to prepare for merge...
[INFO] Beginning graph merge...
[INFO] Merging nodes...
[INFO] Merging edges...
[INFO] Collapsing spurious paralogs...
[INFO] Computing pairwise identities...
[INFO] Creating MMSeqs2 database...
[INFO] Running MMSeqs2...
[INFO] MMSeqs2 complete. Reading and filtering results...
[INFO] Merging nodes and edges...
[INFO] Outer 1 family iter 1: merging 844 pairs.
[INFO] Outer 1 family iter 2: merging 1 pairs.
[INFO] Outer 1 family iter 3: no new mergeable pairs; stopping inner.
[INFO] Outer 1 frameshift: 2357 orphans, 63 orphan-orphan hits.
[INFO] Outer 1 frameshift: merging 21 pairs.
[INFO] Outer 2 family iter 1: no new mergeable pairs; stopping inner.
[INFO] Outer 2 frameshift: 2336 orphans, 41 orphan-orphan hits.
[INFO] Outer loop: fixed point reached after 2 iteration(s).
[INFO] Merge complete. Preparing attribute metadata for export...
[INFO] Writing new metadata to SQLite database...
[INFO] Writing merged graph to outdir...
[INFO] Iteration 5 of 7 complete.
[INFO] Beginning iteration 6 of 7...
[INFO] graph_file_1: /nfs/research/jlees/jacqueline/thesis_results/pangenomerge_benchmarking/context_search_iterations/iter_unlimited/intermediate_graphs/merged_graph_5.gml
[INFO] graph_file_2: /nfs/research/jlees/macalasdair/panaroo/neisseria_bf_data/cl7_panaroo/final_graph.gml
[INFO] Creating MMSeqs2 database(s)...
[INFO] Running MMSeqs2...
[INFO] MMSeqs2 complete. Reading and filtering results...
[INFO] Hits filtered. Mapping between graphs...
[INFO] Updating graph metadata to prepare for merge...
[INFO] Beginning graph merge...
[INFO] Merging nodes...
[INFO] Merging edges...
[INFO] Collapsing spurious paralogs...
[INFO] Computing pairwise identities...
[INFO] Creating MMSeqs2 database...
[INFO] Running MMSeqs2...
[INFO] MMSeqs2 complete. Reading and filtering results...
[INFO] Merging nodes and edges...
[INFO] Outer 1 family iter 1: merging 831 pairs.
[INFO] Outer 1 family iter 2: merging 7 pairs.
[INFO] Outer 1 family iter 3: no new mergeable pairs; stopping inner.
[INFO] Outer 1 frameshift: 2509 orphans, 34 orphan-orphan hits.
[INFO] Outer 1 frameshift: merging 12 pairs.
[INFO] Outer 2 family iter 1: no new mergeable pairs; stopping inner.
[INFO] Outer 2 frameshift: 2497 orphans, 22 orphan-orphan hits.
[INFO] Outer loop: fixed point reached after 2 iteration(s).
[INFO] Merge complete. Preparing attribute metadata for export...
[INFO] Writing new metadata to SQLite database...
[INFO] Writing merged graph to outdir...
[INFO] Iteration 6 of 7 complete.
[INFO] Beginning iteration 7 of 7...
[INFO] graph_file_1: /nfs/research/jlees/jacqueline/thesis_results/pangenomerge_benchmarking/context_search_iterations/iter_unlimited/intermediate_graphs/merged_graph_6.gml
[INFO] graph_file_2: /nfs/research/jlees/macalasdair/panaroo/neisseria_bf_data/cl_minor_panaroo/final_graph.gml
[INFO] Creating MMSeqs2 database(s)...
[INFO] Running MMSeqs2...
[INFO] MMSeqs2 complete. Reading and filtering results...
[INFO] Hits filtered. Mapping between graphs...
[INFO] Updating graph metadata to prepare for merge...
[INFO] Beginning graph merge...
[INFO] Merging nodes...
[INFO] Merging edges...
[INFO] Collapsing spurious paralogs...
[INFO] Computing pairwise identities...
[INFO] Creating MMSeqs2 database...
[INFO] Running MMSeqs2...
[INFO] MMSeqs2 complete. Reading and filtering results...
[INFO] Merging nodes and edges...
[INFO] Outer 1 family iter 1: merging 1130 pairs.
[INFO] Outer 1 family iter 2: merging 11 pairs.
[INFO] Outer 1 family iter 3: merging 5 pairs.
[INFO] Outer 1 family iter 4: merging 5 pairs.
[INFO] Outer 1 family iter 5: merging 1 pairs.
[INFO] Outer 1 family iter 6: merging 1 pairs.
[INFO] Outer 1 family iter 7: merging 1 pairs.
[INFO] Outer 1 family iter 8: no new mergeable pairs; stopping inner.
[INFO] Outer 1 frameshift: 2788 orphans, 138 orphan-orphan hits.
[INFO] Outer 1 frameshift: merging 25 pairs.
[INFO] Outer 2 family iter 1: merging 2 pairs.
[INFO] Outer 2 family iter 2: no new mergeable pairs; stopping inner.
[INFO] Outer 2 frameshift: 2760 orphans, 111 orphan-orphan hits.
[INFO] Outer loop: fixed point reached after 2 iteration(s).
[INFO] Merge complete. Preparing attribute metadata for export...
[INFO] Writing new metadata to SQLite database...
[INFO] Writing merged graph to outdir...
[INFO] Iteration 7 of 7 complete.
[INFO] Moving final MMSeqs2 database and cleaning up...
[INFO] Finished successfully.
